// Vitest Snapshot v1, https://vitest.dev/guide/snapshot.html

exports[`CodePreview component > preview the correct content 1`] = `
<iframe
  class="h-full w-full"
  frameborder="0"
  sandbox="allow-forms allow-modals allow-pointer-lock allow-popups allow-popups-to-escape-sandbox allow-same-origin allow-scripts allow-top-navigation-by-user-activation"
  srcdoc="<!doctype html>
<html lang="en">
  <head>
    <meta charset="UTF-8" />
    <title>code Demo</title>
    
    <script
      type="text/javascript"
      src="message/index.js"
    ></script>
    
    <script type="module">
      window.__modules__ = {};
      window.process = { env: { NODE_ENV: 'development' } };
    </script>
    
    
    <style>
      body {
        font-family: -apple-system, BlinkMacSystemFont, 'Segoe UI', Roboto, Oxygen, Ubuntu, Cantarell, 'Open Sans',
          'Helvetica Neue', sans-serif;
      }
    </style>
    <style type="text/css"></style>
  </head>
  <body>
    <h1>Hello World!<h1>
    
  </body>
</html>
"
  title="code preview"
/>
`;
